
Memory Configuration

Name             Origin             Length             Attributes
ram              0x0000000080200000 0x0000000008000000 axrl!w
*default*        0x0000000000000000 0xffffffffffffffff

Linker script and memory map

LOAD entry.o
LOAD kerneltrap.o
LOAD switch.o
LOAD sbi.o
LOAD main.o
LOAD printf.o
LOAD app.o
LOAD trap.o
LOAD syscall.o
LOAD string.o
LOAD task.o
LOAD timer.o

.text           0x0000000080200000     0x1016
 *(.text .text.*)
 .text          0x0000000080200000        0x0 entry.o
 .text.entry    0x0000000080200000        0xc entry.o
                0x0000000080200000                _start
 *fill*         0x000000008020000c        0x4 
 .text          0x0000000080200010       0xbe kerneltrap.o
                0x0000000080200010                __alltraps
                0x0000000080200070                __restore
 .text          0x00000000802000ce       0x6a switch.o
                0x00000000802000ce                __switch
 .text          0x0000000080200138       0xe4 sbi.o
                0x0000000080200138                sbi_ecall
                0x00000000802001bc                sbi_console_putchar
                0x00000000802001ea                sbi_set_timer
 .text          0x000000008020021c       0x2e main.o
                0x000000008020021c                os_main
 .text          0x000000008020024a      0x572 printf.o
                0x000000008020024a                uart_puts
                0x0000000080200736                printf
                0x000000008020078e                panic
 .text          0x00000000802007bc      0x190 app.o
                0x00000000802007bc                syscall
                0x0000000080200800                sys_write
                0x0000000080200836                sys_yield
                0x0000000080200858                sys_gettime
                0x000000008020087a                task1
                0x00000000802008ae                task2
                0x00000000802008e2                task3
                0x0000000080200916                task_init
 .text          0x000000008020094c      0x10c trap.o
                0x0000000080200980                trap_handler
                0x0000000080200a38                trap_init
 .text          0x0000000080200a58       0xf4 syscall.o
                0x0000000080200a58                __sys_write
                0x0000000080200a96                __sys_yield
                0x0000000080200aac                __sys_gettime
                0x0000000080200ac4                __SYSCALL
 .text          0x0000000080200b4c       0x92 string.o
                0x0000000080200b4c                strlen
                0x0000000080200b88                memcpy
 .text          0x0000000080200bde      0x318 task.o
                0x0000000080200c12                tcx_init
                0x0000000080200c8a                task_create
                0x0000000080200dae                run_first_task
                0x0000000080200df2                schedule
 .text          0x0000000080200ef6      0x120 timer.o
                0x0000000080200f78                set_next_trigger
                0x0000000080200f9e                timer_init
                0x0000000080200fec                get_time_us

.rodata         0x0000000080201018      0x1ba
 *(.rodata .rodata.*)
 .rodata        0x0000000080201018       0x11 main.o
 *fill*         0x0000000080201029        0x7 
 .rodata        0x0000000080201030       0x8a printf.o
 *fill*         0x00000000802010ba        0x6 
 .rodata        0x00000000802010c0       0x43 app.o
 *fill*         0x0000000080201103        0x5 
 .rodata        0x0000000080201108       0x3e trap.o
 *fill*         0x0000000080201146        0x2 
 .rodata        0x0000000080201148       0x3b syscall.o
 *fill*         0x0000000080201183        0x5 
 .rodata        0x0000000080201188       0x4a task.o

.data           0x00000000802011d2      0xe2e
                0x0000000080202000                . = ALIGN (0x1000)
 *fill*         0x00000000802011d2      0xe2e 
 *(.sdata .sdata.*)
 *(.data .data.*)
 .data          0x0000000080202000        0x0 entry.o
 .data          0x0000000080202000        0x0 kerneltrap.o
 .data          0x0000000080202000        0x0 switch.o
 .data          0x0000000080202000        0x0 sbi.o
 .data          0x0000000080202000        0x0 main.o
 .data          0x0000000080202000        0x0 printf.o
 .data          0x0000000080202000        0x0 app.o
 .data          0x0000000080202000        0x0 trap.o
 .data          0x0000000080202000        0x0 syscall.o
 .data          0x0000000080202000        0x0 string.o
 .data          0x0000000080202000        0x0 task.o
 .data          0x0000000080202000        0x0 timer.o
                [!provide]                        PROVIDE (_data_end = .)

.bss            0x0000000080202000    0x388a0
 *(.sbss .sbss.*)
 *(.bss .bss.*)
 .bss           0x0000000080202000        0x0 entry.o
 .bss.stack     0x0000000080202000    0x10000 entry.o
                0x0000000080202000                boot_stack_lower_bound
                0x0000000080212000                boot_stack_top
 .bss           0x0000000080212000        0x0 kerneltrap.o
 .bss           0x0000000080212000        0x0 switch.o
 .bss           0x0000000080212000        0x0 sbi.o
 .bss           0x0000000080212000        0x0 main.o
 .bss           0x0000000080212000      0x3e8 printf.o
 .bss           0x00000000802123e8        0x0 app.o
 .bss           0x00000000802123e8        0x0 trap.o
 .bss           0x00000000802123e8        0x0 syscall.o
 .bss           0x00000000802123e8        0x0 string.o
 .bss           0x00000000802123e8    0x284b8 task.o
                0x00000000802123e8                UserStack
                0x00000000802263e8                KernelStack
                0x000000008023a3e8                tasks
 .bss           0x000000008023a8a0        0x0 timer.o
 *(COMMON)
OUTPUT(os.elf elf64-littleriscv)

.riscv.attributes
                0x0000000000000000       0x57
 .riscv.attributes
                0x0000000000000000       0x51 entry.o
 .riscv.attributes
                0x0000000000000051       0x55 kerneltrap.o
 .riscv.attributes
                0x00000000000000a6       0x51 switch.o
 .riscv.attributes
                0x00000000000000f7       0x53 sbi.o
 .riscv.attributes
                0x000000000000014a       0x53 main.o
 .riscv.attributes
                0x000000000000019d       0x53 printf.o
 .riscv.attributes
                0x00000000000001f0       0x53 app.o
 .riscv.attributes
                0x0000000000000243       0x57 trap.o
 .riscv.attributes
                0x000000000000029a       0x53 syscall.o
 .riscv.attributes
                0x00000000000002ed       0x53 string.o
 .riscv.attributes
                0x0000000000000340       0x57 task.o
 .riscv.attributes
                0x0000000000000397       0x57 timer.o

.comment        0x0000000000000000        0xf
 .comment       0x0000000000000000        0xf sbi.o
                                         0x10 (size before relaxing)
 .comment       0x000000000000000f       0x10 main.o
 .comment       0x000000000000000f       0x10 printf.o
 .comment       0x000000000000000f       0x10 app.o
 .comment       0x000000000000000f       0x10 trap.o
 .comment       0x000000000000000f       0x10 syscall.o
 .comment       0x000000000000000f       0x10 string.o
 .comment       0x000000000000000f       0x10 task.o
 .comment       0x000000000000000f       0x10 timer.o
