
Memory Configuration

Name             Origin             Length             Attributes
ram              0x0000000080200000 0x0000000008000000 axrl!w
*default*        0x0000000000000000 0xffffffffffffffff

Linker script and memory map

LOAD entry.o
LOAD kerneltrap.o
LOAD sbi.o
LOAD main.o
LOAD printf.o
LOAD app.o
LOAD trap.o
LOAD syscall.o
LOAD string.o

.text           0x0000000080200000      0x974
 *(.text .text.*)
 .text          0x0000000080200000        0x0 entry.o
 .text.entry    0x0000000080200000        0xc entry.o
                0x0000000080200000                _start
 *fill*         0x000000008020000c        0x4 
 .text          0x0000000080200010       0xc6 kerneltrap.o
                0x0000000080200010                __alltraps
                0x0000000080200070                __restore
 .text          0x00000000802000d6       0xb2 sbi.o
                0x00000000802000d6                sbi_ecall
                0x000000008020015a                sbi_console_putchar
 .text          0x0000000080200188       0x16 main.o
                0x0000000080200188                os_main
 .text          0x000000008020019e      0x572 printf.o
                0x000000008020019e                uart_puts
                0x000000008020068a                printf
                0x00000000802006e2                panic
 .text          0x0000000080200710       0x7a app.o
                0x0000000080200710                syscall
                0x0000000080200754                sys_write
 .text          0x000000008020078a       0xc8 trap.o
                0x00000000802007be                trap_handler
                0x0000000080200832                trap_init
 .text          0x0000000080200852       0x90 syscall.o
                0x0000000080200852                __SYSCALL
                0x00000000802008a4                __sys_write
 .text          0x00000000802008e2       0x92 string.o
                0x00000000802008e2                strlen
                0x000000008020091e                memcpy

.rodata         0x0000000080200978       0xfd
 *(.rodata .rodata.*)
 .rodata        0x0000000080200978       0x11 main.o
 *fill*         0x0000000080200989        0x7 
 .rodata        0x0000000080200990       0x8a printf.o
 *fill*         0x0000000080200a1a        0x6 
 .rodata        0x0000000080200a20       0x14 trap.o
 *fill*         0x0000000080200a34        0x4 
 .rodata        0x0000000080200a38       0x3d syscall.o

.data           0x0000000080200a75      0x58b
                0x0000000080201000                . = ALIGN (0x1000)
 *fill*         0x0000000080200a75      0x58b 
 *(.sdata .sdata.*)
 *(.data .data.*)
 .data          0x0000000080201000        0x0 entry.o
 .data          0x0000000080201000        0x0 kerneltrap.o
 .data          0x0000000080201000        0x0 sbi.o
 .data          0x0000000080201000        0x0 main.o
 .data          0x0000000080201000        0x0 printf.o
 .data          0x0000000080201000        0x0 app.o
 .data          0x0000000080201000        0x0 trap.o
 .data          0x0000000080201000        0x0 syscall.o
 .data          0x0000000080201000        0x0 string.o
                [!provide]                        PROVIDE (_data_end = .)

.bss            0x0000000080201000    0x103e8
 *(.sbss .sbss.*)
 *(.bss .bss.*)
 .bss           0x0000000080201000        0x0 entry.o
 .bss.stack     0x0000000080201000    0x10000 entry.o
                0x0000000080201000                boot_stack_lower_bound
                0x0000000080211000                boot_stack_top
 .bss           0x0000000080211000        0x0 kerneltrap.o
 .bss           0x0000000080211000        0x0 sbi.o
 .bss           0x0000000080211000        0x0 main.o
 .bss           0x0000000080211000      0x3e8 printf.o
 .bss           0x00000000802113e8        0x0 app.o
 .bss           0x00000000802113e8        0x0 trap.o
 .bss           0x00000000802113e8        0x0 syscall.o
 .bss           0x00000000802113e8        0x0 string.o
 *(COMMON)
OUTPUT(os.elf elf64-littleriscv)

.riscv.attributes
                0x0000000000000000       0x57
 .riscv.attributes
                0x0000000000000000       0x51 entry.o
 .riscv.attributes
                0x0000000000000051       0x55 kerneltrap.o
 .riscv.attributes
                0x00000000000000a6       0x53 sbi.o
 .riscv.attributes
                0x00000000000000f9       0x53 main.o
 .riscv.attributes
                0x000000000000014c       0x53 printf.o
 .riscv.attributes
                0x000000000000019f       0x53 app.o
 .riscv.attributes
                0x00000000000001f2       0x57 trap.o
 .riscv.attributes
                0x0000000000000249       0x53 syscall.o
 .riscv.attributes
                0x000000000000029c       0x53 string.o

.comment        0x0000000000000000        0xf
 .comment       0x0000000000000000        0xf sbi.o
                                         0x10 (size before relaxing)
 .comment       0x000000000000000f       0x10 main.o
 .comment       0x000000000000000f       0x10 printf.o
 .comment       0x000000000000000f       0x10 app.o
 .comment       0x000000000000000f       0x10 trap.o
 .comment       0x000000000000000f       0x10 syscall.o
 .comment       0x000000000000000f       0x10 string.o
